Archive member included to satisfy reference by file (symbol)

/home/dan/devkitPro/devkitARM/bin/../lib/gcc/arm-none-eabi/6.3.0/thumb/libgcc.a(_divsi3.o)
                              tonc_color.o (__aeabi_idiv)
/home/dan/devkitPro/devkitARM/bin/../lib/gcc/arm-none-eabi/6.3.0/thumb/libgcc.a(_dvmd_tls.o)
                              /home/dan/devkitPro/devkitARM/bin/../lib/gcc/arm-none-eabi/6.3.0/thumb/libgcc.a(_divsi3.o) (__aeabi_idiv0)
/home/dan/devkitPro/devkitARM/bin/../lib/gcc/arm-none-eabi/6.3.0/../../../../arm-none-eabi/lib/thumb/libg.a(lib_a-init.o)
                              /home/dan/devkitPro/devkitARM/bin/../lib/gcc/arm-none-eabi/6.3.0/../../../../arm-none-eabi/lib/thumb/gba_crt0.o (__libc_init_array)
/home/dan/devkitPro/devkitARM/bin/../lib/gcc/arm-none-eabi/6.3.0/../../../../arm-none-eabi/lib/thumb/libg.a(lib_a-locale.o)
                              tte_main.o (__locale_ctype_ptr)
/home/dan/devkitPro/devkitARM/bin/../lib/gcc/arm-none-eabi/6.3.0/../../../../arm-none-eabi/lib/thumb/libg.a(lib_a-mbtowc_r.o)
                              /home/dan/devkitPro/devkitARM/bin/../lib/gcc/arm-none-eabi/6.3.0/../../../../arm-none-eabi/lib/thumb/libg.a(lib_a-locale.o) (__ascii_mbtowc)
/home/dan/devkitPro/devkitARM/bin/../lib/gcc/arm-none-eabi/6.3.0/../../../../arm-none-eabi/lib/thumb/libg.a(lib_a-memmove.o)
                              tonc_color.o (memmove)
/home/dan/devkitPro/devkitARM/bin/../lib/gcc/arm-none-eabi/6.3.0/../../../../arm-none-eabi/lib/thumb/libg.a(lib_a-memset.o)
                              tonc_surface.o (memset)
/home/dan/devkitPro/devkitARM/bin/../lib/gcc/arm-none-eabi/6.3.0/../../../../arm-none-eabi/lib/thumb/libg.a(lib_a-setvbuf.o)
                              tte_iohook.o (setvbuf)
/home/dan/devkitPro/devkitARM/bin/../lib/gcc/arm-none-eabi/6.3.0/../../../../arm-none-eabi/lib/thumb/libg.a(lib_a-siscanf.o)
                              tte_iohook.o (siscanf)
/home/dan/devkitPro/devkitARM/bin/../lib/gcc/arm-none-eabi/6.3.0/../../../../arm-none-eabi/lib/thumb/libg.a(lib_a-stdio.o)
                              /home/dan/devkitPro/devkitARM/bin/../lib/gcc/arm-none-eabi/6.3.0/../../../../arm-none-eabi/lib/thumb/libg.a(lib_a-siscanf.o) (__seofread)
/home/dan/devkitPro/devkitARM/bin/../lib/gcc/arm-none-eabi/6.3.0/../../../../arm-none-eabi/lib/thumb/libg.a(lib_a-strcasecmp.o)
                              /home/dan/devkitPro/devkitARM/bin/../lib/gcc/arm-none-eabi/6.3.0/../../../../arm-none-eabi/lib/thumb/libg.a(lib_a-locale.o) (strcasecmp)
/home/dan/devkitPro/devkitARM/bin/../lib/gcc/arm-none-eabi/6.3.0/../../../../arm-none-eabi/lib/thumb/libg.a(lib_a-strcat.o)
                              /home/dan/devkitPro/devkitARM/bin/../lib/gcc/arm-none-eabi/6.3.0/../../../../arm-none-eabi/lib/thumb/libg.a(lib_a-locale.o) (strcat)
/home/dan/devkitPro/devkitARM/bin/../lib/gcc/arm-none-eabi/6.3.0/../../../../arm-none-eabi/lib/thumb/libg.a(lib_a-strchr.o)
                              /home/dan/devkitPro/devkitARM/bin/../lib/gcc/arm-none-eabi/6.3.0/../../../../arm-none-eabi/lib/thumb/libg.a(lib_a-locale.o) (strchr)
/home/dan/devkitPro/devkitARM/bin/../lib/gcc/arm-none-eabi/6.3.0/../../../../arm-none-eabi/lib/thumb/libg.a(lib_a-strcmp.o)
                              /home/dan/devkitPro/devkitARM/bin/../lib/gcc/arm-none-eabi/6.3.0/../../../../arm-none-eabi/lib/thumb/libg.a(lib_a-locale.o) (strcmp)
/home/dan/devkitPro/devkitARM/bin/../lib/gcc/arm-none-eabi/6.3.0/../../../../arm-none-eabi/lib/thumb/libg.a(lib_a-strcpy.o)
                              /home/dan/devkitPro/devkitARM/bin/../lib/gcc/arm-none-eabi/6.3.0/../../../../arm-none-eabi/lib/thumb/libg.a(lib_a-locale.o) (strcpy)
/home/dan/devkitPro/devkitARM/bin/../lib/gcc/arm-none-eabi/6.3.0/../../../../arm-none-eabi/lib/thumb/libg.a(lib_a-strlcpy.o)
                              /home/dan/devkitPro/devkitARM/bin/../lib/gcc/arm-none-eabi/6.3.0/../../../../arm-none-eabi/lib/thumb/libg.a(lib_a-locale.o) (strlcpy)
/home/dan/devkitPro/devkitARM/bin/../lib/gcc/arm-none-eabi/6.3.0/../../../../arm-none-eabi/lib/thumb/libg.a(lib_a-strlen-stub.o)
                              /home/dan/devkitPro/devkitARM/bin/../lib/gcc/arm-none-eabi/6.3.0/../../../../arm-none-eabi/lib/thumb/libg.a(lib_a-locale.o) (strlen)
/home/dan/devkitPro/devkitARM/bin/../lib/gcc/arm-none-eabi/6.3.0/../../../../arm-none-eabi/lib/thumb/libg.a(lib_a-strncasecmp.o)
                              /home/dan/devkitPro/devkitARM/bin/../lib/gcc/arm-none-eabi/6.3.0/../../../../arm-none-eabi/lib/thumb/libg.a(lib_a-locale.o) (strncasecmp)
/home/dan/devkitPro/devkitARM/bin/../lib/gcc/arm-none-eabi/6.3.0/../../../../arm-none-eabi/lib/thumb/libg.a(lib_a-strncmp.o)
                              /home/dan/devkitPro/devkitARM/bin/../lib/gcc/arm-none-eabi/6.3.0/../../../../arm-none-eabi/lib/thumb/libg.a(lib_a-locale.o) (strncmp)
/home/dan/devkitPro/devkitARM/bin/../lib/gcc/arm-none-eabi/6.3.0/../../../../arm-none-eabi/lib/thumb/libg.a(lib_a-strncpy.o)
                              tte_iohook.o (strncpy)
[...]
Memory Configuration

Name             Origin             Length             Attributes
rom              0x0000000008000000 0x0000000002000000
iwram            0x0000000003000000 0x0000000000008000
ewram            0x0000000002000000 0x0000000000040000
*default*        0x0000000000000000 0xffffffffffffffff

Linker script and memory map

                0x0000000008000000                __text_start = ORIGIN (rom)
                0x0000000002040000                __eheap_end = (ORIGIN (ewram) + LENGTH (ewram))
                0x0000000003000000                __iwram_start = ORIGIN (iwram)
                0x0000000003008000                __iwram_top = (ORIGIN (iwram) + LENGTH (iwram))
                0x0000000003007fa0                __sp_irq = (__iwram_top - 0x60)
                0x0000000003007f00                __sp_usr = (__sp_irq - 0xa0)
                0x0000000003007ff8                __irq_flags = 0x3007ff8
                0x0000000008000000                . = __text_start

.crt0           0x0000000008000000      0x210
 *(.crt0)
 .crt0          0x0000000008000000      0x210 /home/dan/devkitPro/devkitARM/bin/../lib/gcc/arm-none-eabi/6.3.0/../../../../arm-none-eabi/lib/thumb/gba_crt0.o
                0x0000000008000000                _start
                0x00000000080000c4                __boot_method
                0x00000000080000c5                __slave_number
                0x00000000080000e0                start_vector
                0x0000000008000210                . = ALIGN (0x4)

.init           0x0000000008000210        0xc
 *(SORT(.init))
 .init          0x0000000008000210        0x4 /home/dan/devkitPro/devkitARM/bin/../lib/gcc/arm-none-eabi/6.3.0/thumb/crti.o
                0x0000000008000210                _init
 .init          0x0000000008000214        0x8 /home/dan/devkitPro/devkitARM/bin/../lib/gcc/arm-none-eabi/6.3.0/thumb/crtn.o

.plt            0x000000000800021c        0x0
 *(.plt)
                0x000000000800021c                . = ALIGN (0x4)

.text           0x000000000800021c      0x4d8
 *(EXCLUDE_FILE(*.iwram*) .text)
 .text          0x000000000800021c      0x268 tonc_bmp16.o
                0x000000000800021c                bmp16_plot
                0x0000000008000230                bmp16_hline
                0x0000000008000260                bmp16_vline
                0x000000000800029c                bmp16_line
                0x00000000080003a0                bmp16_rect
                0x0000000008000400                bmp16_frame
 .text          0x0000000008000484       0x3c tonc_memset.o
                0x0000000008000484                memset16
 *(.text .stub .text.* .gnu.linkonce.t.*)
 .text.deregister_tm_clones
                0x00000000080004c0       0x30 /home/dan/devkitPro/devkitARM/bin/../lib/gcc/arm-none-eabi/6.3.0/thumb/crtbegin.o
 .text.register_tm_clones
                0x00000000080004f0       0x34 /home/dan/devkitPro/devkitARM/bin/../lib/gcc/arm-none-eabi/6.3.0/thumb/crtbegin.o
 .text.__do_global_dtors_aux
                0x0000000008000524       0x30 /home/dan/devkitPro/devkitARM/bin/../lib/gcc/arm-none-eabi/6.3.0/thumb/crtbegin.o
 .text.frame_dummy
                0x0000000008000554       0x48 /home/dan/devkitPro/devkitARM/bin/../lib/gcc/arm-none-eabi/6.3.0/thumb/crtbegin.o
 .text.startup  0x000000000800059c      0x100 ball.o
                0x000000000800059c                main
 .text.__libc_init_array
                0x000000000800069c       0x58 /home/dan/devkitPro/devkitARM/bin/../lib/gcc/arm-none-eabi/6.3.0/../../../../arm-none-eabi/lib/thumb/libg.a(lib_a-init.o)
                0x000000000800069c                __libc_init_array
 *(.text.*personality*)
 *(.gnu.warning)
 *(.glue_7t)
 .glue_7t       0x00000000080006f4        0x0 linker stubs
 *(.glue_7)
 .glue_7        0x00000000080006f4        0x0 linker stubs
 *(.vfp11_veneer)
 .vfp11_veneer  0x00000000080006f4        0x0 linker stubs
                0x00000000080006f4                . = ALIGN (0x4)
                0x00000000080006f4                __text_end = .

.v4_bx          0x00000000080006f4        0x0
 .v4_bx         0x00000000080006f4        0x0 linker stubs

.iplt           0x00000000080006f4        0x0
 .iplt          0x00000000080006f4        0x0 /home/dan/devkitPro/devkitARM/bin/../lib/gcc/arm-none-eabi/6.3.0/../../../../arm-none-eabi/lib/thumb/gba_crt0.o

.fini           0x00000000080006f4        0xc
 *(.fini)
 .fini          0x00000000080006f4        0x4 /home/dan/devkitPro/devkitARM/bin/../lib/gcc/arm-none-eabi/6.3.0/thumb/crti.o
                0x00000000080006f4                _fini
 .fini          0x00000000080006f8        0x8 /home/dan/devkitPro/devkitARM/bin/../lib/gcc/arm-none-eabi/6.3.0/thumb/crtn.o
                0x0000000008000700                . = ALIGN (0x4)

.rodata         0x0000000008000700        0x0
 *(.rodata)
 *all.rodata*(*)
 *(.roda)
 *(.rodata.*)
 *(.gnu.linkonce.r*)
                0x0000000008000700                . = ALIGN (0x4)

.ARM.extab
 *(.ARM.extab* .gnu.linkonce.armextab.*)
                0x0000000008000700                __exidx_start = .

.ARM.exidx
 *(.ARM.exidx* .gnu.linkonce.armexidx.*)
                0x0000000008000700                __exidx_end = .

.ctors          0x0000000008000700        0x0
 *crtbegin.o(.ctors)
 *(EXCLUDE_FILE(*crtend.o) .ctors)
 *(SORT(.ctors.*))
 *(.ctors)
                0x0000000008000700                . = ALIGN (0x4)

.dtors          0x0000000008000700        0x0
 *crtbegin.o(.dtors)
 *(EXCLUDE_FILE(*crtend.o) .dtors)
 *(SORT(.dtors.*))
 *(.dtors)
                0x0000000008000700                . = ALIGN (0x4)

.eh_frame       0x0000000008000700        0x4
 *(.eh_frame)
 .eh_frame      0x0000000008000700        0x0 /home/dan/devkitPro/devkitARM/bin/../lib/gcc/arm-none-eabi/6.3.0/thumb/crtbegin.o
 .eh_frame      0x0000000008000700        0x4 /home/dan/devkitPro/devkitARM/bin/../lib/gcc/arm-none-eabi/6.3.0/thumb/crtend.o
                0x0000000008000704                . = ALIGN (0x4)

.gcc_except_table
                0x0000000008000704        0x0
 *(.gcc_except_table)
                0x0000000008000704                . = ALIGN (0x4)
                0x0000000008000704                __iwram_lma = .

.iwram          0x0000000003000000       0x4c load address 0x0000000008000704
                0x0000000003000000                __iwram_start__ = ABSOLUTE (.)
 *(.iwram)
 .iwram         0x0000000003000000       0x4c tonc_memset.o
                0x0000000003000000                memset32
 *iwram.*(.text)
                0x000000000300004c                . = ALIGN (0x4)
                0x000000000300004c                __iwram_end__ = ABSOLUTE (.)
                0x0000000008000750                __data_lma = (__iwram_lma + SIZEOF (.iwram))

.rel.dyn        0x000000000300004c        0x0 load address 0x0000000008000750
 .rel.iplt      0x000000000300004c        0x0 /home/dan/devkitPro/devkitARM/bin/../lib/gcc/arm-none-eabi/6.3.0/../../../../arm-none-eabi/lib/thumb/gba_crt0.o

.bss            0x000000000300004c       0x24
                0x000000000300004c                __bss_start = ABSOLUTE (.)
                0x000000000300004c                __bss_start__ = ABSOLUTE (.)
 *(.dynbss)
 *(.gnu.linkonce.b*)
 *(.bss*)
 .bss.completed.6497
                0x000000000300004c        0x1 /home/dan/devkitPro/devkitARM/bin/../lib/gcc/arm-none-eabi/6.3.0/thumb/crtbegin.o
 *fill*         0x000000000300004d        0x3 
 .bss.object.6502
                0x0000000003000050       0x18 /home/dan/devkitPro/devkitARM/bin/../lib/gcc/arm-none-eabi/6.3.0/thumb/crtbegin.o
 .bss           0x0000000003000068        0x4 tonc_input.o
                0x0000000003000068                __key_curr
                0x000000000300006a                __key_prev
 .bss.fake_heap_end
                0x000000000300006c        0x4 /home/dan/devkitPro/devkitARM/bin/../lib/gcc/arm-none-eabi/6.3.0/../../../../arm-none-eabi/lib/thumb/libsysbase.a(malloc_vars.o)
                0x000000000300006c                fake_heap_end
 *(COMMON)
                0x0000000003000070                . = ALIGN (0x4)
                0x0000000003000070                __bss_end__ = ABSOLUTE (.)

.data           0x0000000003000070        0x0 load address 0x0000000008000750
                0x0000000003000070                __data_start__ = ABSOLUTE (.)
 *(.data)
 *(.data.*)
 *(.gnu.linkonce.d*)
                0x0000000003000070                . = ALIGN (0x4)
                0x0000000008000750                __preinit_lma = (__data_lma + SIZEOF (.data))

.igot.plt       0x000000000300004c        0x0 load address 0x0000000008000774
 .igot.plt      0x000000000300004c        0x0 /home/dan/devkitPro/devkitARM/bin/../lib/gcc/arm-none-eabi/6.3.0/../../../../arm-none-eabi/lib/thumb/gba_crt0.o

.tm_clone_table
                0x000000000300004c        0x0 load address 0x0000000008000774
 .tm_clone_table
                0x000000000300004c        0x0 /home/dan/devkitPro/devkitARM/bin/../lib/gcc/arm-none-eabi/6.3.0/thumb/crtbegin.o
 .tm_clone_table
                0x000000000300004c        0x0 /home/dan/devkitPro/devkitARM/bin/../lib/gcc/arm-none-eabi/6.3.0/thumb/crtend.o

.preinit_array  0x0000000003000070        0x0 load address 0x0000000008000750
                0x0000000003000070                __preinit_array_start = ABSOLUTE (.)
 *(.preinit_array)
                0x0000000003000070                __preinit_array_end = ABSOLUTE (.)
                0x0000000008000750                __init_lma = (__preinit_lma + SIZEOF (.preinit_array))

.init_array     0x0000000003000070        0x4 load address 0x0000000008000750
                0x0000000003000070                __init_array_start = ABSOLUTE (.)
 *(SORT(.init_array.*))
 *(.init_array)
 .init_array    0x0000000003000070        0x4 /home/dan/devkitPro/devkitARM/bin/../lib/gcc/arm-none-eabi/6.3.0/thumb/crtbegin.o
                0x0000000003000074                __init_array_end = ABSOLUTE (.)
                0x0000000008000754                __fini_lma = (__init_lma + SIZEOF (.init_array))

.fini_array     0x0000000003000074        0x4 load address 0x0000000008000754
                0x0000000003000074                __fini_array_start = ABSOLUTE (.)
 *(SORT(.fini_array.*))
 *(.fini_array)
 .fini_array    0x0000000003000074        0x4 /home/dan/devkitPro/devkitARM/bin/../lib/gcc/arm-none-eabi/6.3.0/thumb/crtbegin.o
                0x0000000003000078                __fini_array_end = ABSOLUTE (.)
                0x0000000008000758                __jcr_lma = (__fini_lma + SIZEOF (.fini_array))

.jcr            0x0000000003000078        0x4 load address 0x0000000008000758
 *(.jcr)
 .jcr           0x0000000003000078        0x0 /home/dan/devkitPro/devkitARM/bin/../lib/gcc/arm-none-eabi/6.3.0/thumb/crtbegin.o
 .jcr           0x0000000003000078        0x4 /home/dan/devkitPro/devkitARM/bin/../lib/gcc/arm-none-eabi/6.3.0/thumb/crtend.o
                0x000000000300007c                __data_end__ = ABSOLUTE (.)
                0x000000000800075c                __iwram_overlay_lma = (__jcr_lma + SIZEOF (.jcr))
                0x000000000300007c                __iwram_overlay_start = .

.iwram0         0x000000000300007c        0x0 load address 0x000000000800075c
 *(.iwram0)
                0x000000000300007c                . = ALIGN (0x4)
                0x000000000800075c                PROVIDE (__load_start_iwram0, LOADADDR (.iwram0))
                0x000000000800075c                PROVIDE (__load_stop_iwram0, (LOADADDR (.iwram0) + SIZEOF (.iwram0)))

.iwram1         0x000000000300007c        0x0
 *(.iwram1)
                0x000000000300007c                . = ALIGN (0x4)
                [!provide]                        PROVIDE (__load_start_iwram1, LOADADDR (.iwram1))
                [!provide]                        PROVIDE (__load_stop_iwram1, (LOADADDR (.iwram1) + SIZEOF (.iwram1)))

.iwram2         0x000000000300007c        0x0
 *(.iwram2)
                0x000000000300007c                . = ALIGN (0x4)
                [!provide]                        PROVIDE (__load_start_iwram2, LOADADDR (.iwram2))
                [!provide]                        PROVIDE (__load_stop_iwram2, (LOADADDR (.iwram2) + SIZEOF (.iwram2)))

.iwram3         0x000000000300007c        0x0
 *(.iwram3)
                0x000000000300007c                . = ALIGN (0x4)
                [!provide]                        PROVIDE (__load_start_iwram3, LOADADDR (.iwram3))
                [!provide]                        PROVIDE (__load_stop_iwram3, (LOADADDR (.iwram3) + SIZEOF (.iwram3)))

.iwram4         0x000000000300007c        0x0
 *(.iwram4)
                0x000000000300007c                . = ALIGN (0x4)
                [!provide]                        PROVIDE (__load_start_iwram4, LOADADDR (.iwram4))
                [!provide]                        PROVIDE (__load_stop_iwram4, (LOADADDR (.iwram4) + SIZEOF (.iwram4)))

.iwram5         0x000000000300007c        0x0
 *(.iwram5)
                0x000000000300007c                . = ALIGN (0x4)
                [!provide]                        PROVIDE (__load_start_iwram5, LOADADDR (.iwram5))
                [!provide]                        PROVIDE (__load_stop_iwram5, (LOADADDR (.iwram5) + SIZEOF (.iwram5)))

.iwram6         0x000000000300007c        0x0
 *(.iwram6)
                0x000000000300007c                . = ALIGN (0x4)
                [!provide]                        PROVIDE (__load_start_iwram6, LOADADDR (.iwram6))
                [!provide]                        PROVIDE (__load_stop_iwram6, (LOADADDR (.iwram6) + SIZEOF (.iwram6)))

.iwram7         0x000000000300007c        0x0
 *(.iwram7)
                0x000000000300007c                . = ALIGN (0x4)
                [!provide]                        PROVIDE (__load_start_iwram7, LOADADDR (.iwram7))
                [!provide]                        PROVIDE (__load_stop_iwram7, (LOADADDR (.iwram7) + SIZEOF (.iwram7)))

.iwram8         0x000000000300007c        0x0
 *(.iwram8)
                0x000000000300007c                . = ALIGN (0x4)
                [!provide]                        PROVIDE (__load_start_iwram8, LOADADDR (.iwram8))
                [!provide]                        PROVIDE (__load_stop_iwram8, (LOADADDR (.iwram8) + SIZEOF (.iwram8)))

.iwram9         0x000000000300007c        0x0
 *(.iwram9)
                0x000000000300007c                . = ALIGN (0x4)
                [!provide]                        PROVIDE (__load_start_iwram9, LOADADDR (.iwram9))
                [!provide]                        PROVIDE (__load_stop_iwram9, (LOADADDR (.iwram9) + SIZEOF (.iwram9)))
                0x000000000300007c                __iwram_overlay_end = .
                0x000000000800075c                __ewram_lma = (__iwram_overlay_lma + (__iwram_overlay_end - __iwram_overlay_start))
                0x000000000300007c                __iheap_start = .
                0x0000000002000000                __ewram_start = ORIGIN (ewram)

.ewram          0x0000000002000000        0x0 load address 0x000000000800075c
 *(.ewram)
                0x0000000002000000                . = ALIGN (0x4)
                0x0000000002000000                __ewram_end = ABSOLUTE (.)
                0x000000000800075c                __pad_lma = (__ewram_lma + SIZEOF (.ewram))

.sbss           0x0000000002000000        0x0
                0x0000000002000000                __sbss_start__ = ABSOLUTE (.)
 *(.sbss)
                0x0000000002000000                . = ALIGN (0x4)
                0x0000000002000000                __sbss_end__ = ABSOLUTE (.)
                0x0000000002000000                __end__ = ABSOLUTE (.)
                0x0000000002000000                __eheap_start = ABSOLUTE (.)

.pad            0x0000000002000000        0x8 load address 0x000000000800075c
                0x0000000002000000        0x4 LONG 0x52416b64
                0x0000000002000004        0x4 LONG 0x4d
                0x0000000002000008                . = ALIGN (0x4)
                0x0000000008000764                __rom_end__ = (__pad_lma + SIZEOF (.pad))

.stab
 *(.stab)

.stabstr
 *(.stabstr)

.stab.excl
 *(.stab.excl)

.stab.exclstr
 *(.stab.exclstr)

.stab.index
 *(.stab.index)

.stab.indexstr
 *(.stab.indexstr)

.comment        0x0000000000000000       0x22
 *(.comment)
 .comment       0x0000000000000000       0x22 /home/dan/devkitPro/devkitARM/bin/../lib/gcc/arm-none-eabi/6.3.0/thumb/crtbegin.o
                                         0x23 (size before relaxing)
 .comment       0x0000000000000022       0x23 ball.o
 .comment       0x0000000000000022       0x23 tonc_bg_affine.o
 .comment       0x0000000000000022       0x23 tonc_color.o
 .comment       0x0000000000000022       0x23 tonc_sbmp8.o
 .comment       0x0000000000000022       0x23 tonc_schr4r.o
 .comment       0x0000000000000022       0x23 tonc_bmp16.o
 .comment       0x0000000000000022       0x23 tonc_irq.o
 .comment       0x0000000000000022       0x23 tonc_bg.o
 .comment       0x0000000000000022       0x23 tonc_obj_affine.o
 .comment       0x0000000000000022       0x23 tonc_core.o
 .comment       0x0000000000000022       0x23 tonc_schr4c.o
 .comment       0x0000000000000022       0x23 tonc_math.o
 .comment       0x0000000000000022       0x23 tonc_bmp8.o
 .comment       0x0000000000000022       0x23 tonc_surface.o
 .comment       0x0000000000000022       0x23 tonc_oam.o
 .comment       0x0000000000000022       0x23 tonc_sbmp16.o
 .comment       0x0000000000000022       0x23 tonc_video.o
 .comment       0x0000000000000022       0x23 tonc_input.o
 .comment       0x0000000000000022       0x23 tte_init_chr4c.o
 .comment       0x0000000000000022       0x23 obj_drawg.o
 .comment       0x0000000000000022       0x23 bmp16_drawg_b1cs.o
 .comment       0x0000000000000022       0x23 tte_main.o
 .comment       0x0000000000000022       0x23 chr4r_drawg_b1cts.o
 .comment       0x0000000000000022       0x23 tte_init_ase.o
 .comment       0x0000000000000022       0x23 bmp16_drawg.o
 .comment       0x0000000000000022       0x23 chr4c_drawg_b1cts.o
 .comment       0x0000000000000022       0x23 tte_init_chr4r.o
 .comment       0x0000000000000022       0x23 tte_init_se.o
 .comment       0x0000000000000022       0x23 bmp8_drawg.o
 .comment       0x0000000000000022       0x23 chr4c_drawg_b4cts.o
 .comment       0x0000000000000022       0x23 tte_init_obj.o
 .comment       0x0000000000000022       0x23 ase_drawg.o
 .comment       0x0000000000000022       0x23 se_drawg.o
 .comment       0x0000000000000022       0x23 tte_iohook.o
 .comment       0x0000000000000022       0x23 tte_init_bmp.o
 .comment       0x0000000000000022       0x23 bmp8_drawg_b1cs.o
 .comment       0x0000000000000022       0x23 tonc_text_map.o
 .comment       0x0000000000000022       0x23 tonc_text.o
 .comment       0x0000000000000022       0x23 tonc_text_bm.o
 .comment       0x0000000000000022       0x23 tonc_text_oam.o
 .comment       0x0000000000000022       0x23 tonc_bitmap.o
 .comment       0x0000000000000022       0x23 /home/dan/devkitPro/devkitARM/bin/../lib/gcc/arm-none-eabi/6.3.0/../../../../arm-none-eabi/lib/thumb/libg.a(lib_a-init.o)
 .comment       0x0000000000000022       0x23 /home/dan/devkitPro/devkitARM/bin/../lib/gcc/arm-none-eabi/6.3.0/../../../../arm-none-eabi/lib/thumb/libg.a(lib_a-locale.o)
 .comment       0x0000000000000022       0x23 /home/dan/devkitPro/devkitARM/bin/../lib/gcc/arm-none-eabi/6.3.0/../../../../arm-none-eabi/lib/thumb/libg.a(lib_a-mbtowc_r.o)
 .comment       0x0000000000000022       0x23 /home/dan/devkitPro/devkitARM/bin/../lib/gcc/arm-none-eabi/6.3.0/../../../../arm-none-eabi/lib/thumb/libg.a(lib_a-memmove.o)
 .comment       0x0000000000000022       0x23 /home/dan/devkitPro/devkitARM/bin/../lib/gcc/arm-none-eabi/6.3.0/../../../../arm-none-eabi/lib/thumb/libg.a(lib_a-memset.o)
 .comment       0x0000000000000022       0x23 /home/dan/devkitPro/devkitARM/bin/../lib/gcc/arm-none-eabi/6.3.0/../../../../arm-none-eabi/lib/thumb/libg.a(lib_a-setvbuf.o)
 .comment       0x0000000000000022       0x23 /home/dan/devkitPro/devkitARM/bin/../lib/gcc/arm-none-eabi/6.3.0/../../../../arm-none-eabi/lib/thumb/libg.a(lib_a-siscanf.o)
 .comment       0x0000000000000022       0x23 /home/dan/devkitPro/devkitARM/bin/../lib/gcc/arm-none-eabi/6.3.0/../../../../arm-none-eabi/lib/thumb/libg.a(lib_a-stdio.o)
 .comment       0x0000000000000022       0x23 /home/dan/devkitPro/devkitARM/bin/../lib/gcc/arm-none-eabi/6.3.0/../../../../arm-none-eabi/lib/thumb/libg.a(lib_a-strcasecmp.o)
 .comment       0x0000000000000022       0x23 /home/dan/devkitPro/devkitARM/bin/../lib/gcc/arm-none-eabi/6.3.0/../../../../arm-none-eabi/lib/thumb/libg.a(lib_a-strcat.o)
 .comment       0x0000000000000022       0x23 /home/dan/devkitPro/devkitARM/bin/../lib/gcc/arm-none-eabi/6.3.0/../../../../arm-none-eabi/lib/thumb/libg.a(lib_a-strchr.o)
 .comment       0x0000000000000022       0x23 /home/dan/devkitPro/devkitARM/bin/../lib/gcc/arm-none-eabi/6.3.0/../../../../arm-none-eabi/lib/thumb/libg.a(lib_a-strcpy.o)
 .comment       0x0000000000000022       0x23 /home/dan/devkitPro/devkitARM/bin/../lib/gcc/arm-none-eabi/6.3.0/../../../../arm-none-eabi/lib/thumb/libg.a(lib_a-strlcpy.o)
 .comment       0x0000000000000022       0x23 /home/dan/devkitPro/devkitARM/bin/../lib/gcc/arm-none-eabi/6.3.0/../../../../arm-none-eabi/lib/thumb/libg.a(lib_a-strlen-stub.o)
 .comment       0x0000000000000022       0x23 /home/dan/devkitPro/devkitARM/bin/../lib/gcc/arm-none-eabi/6.3.0/../../../../arm-none-eabi/lib/thumb/libg.a(lib_a-strncasecmp.o)
 .comment       0x0000000000000022       0x23 /home/dan/devkitPro/devkitARM/bin/../lib/gcc/arm-none-eabi/6.3.0/../../../../arm-none-eabi/lib/thumb/libg.a(lib_a-strncmp.o)
 .comment       0x0000000000000022       0x23 /home/dan/devkitPro/devkitARM/bin/../lib/gcc/arm-none-eabi/6.3.0/../../../../arm-none-eabi/lib/thumb/libg.a(lib_a-strncpy.o)
 .comment       0x0000000000000022       0x23 /home/dan/devkitPro/devkitARM/bin/../lib/gcc/arm-none-eabi/6.3.0/../../../../arm-none-eabi/lib/thumb/libg.a(lib_a-strtol.o)
 .comment       0x0000000000000022       0x23 /home/dan/devkitPro/devkitARM/bin/../lib/gcc/arm-none-eabi/6.3.0/../../../../arm-none-eabi/lib/thumb/libg.a(lib_a-svfiscanf.o)
 .comment       0x0000000000000022       0x23 /home/dan/devkitPro/devkitARM/bin/../lib/gcc/arm-none-eabi/6.3.0/../../../../arm-none-eabi/lib/thumb/libg.a(lib_a-ungetc.o)
 .comment       0x0000000000000022       0x23 /home/dan/devkitPro/devkitARM/bin/../lib/gcc/arm-none-eabi/6.3.0/../../../../arm-none-eabi/lib/thumb/libg.a(lib_a-wctomb_r.o)
 .comment       0x0000000000000022       0x23 /home/dan/devkitPro/devkitARM/bin/../lib/gcc/arm-none-eabi/6.3.0/../../../../arm-none-eabi/lib/thumb/libg.a(lib_a-ctype_.o)
 .comment       0x0000000000000022       0x23 /home/dan/devkitPro/devkitARM/bin/../lib/gcc/arm-none-eabi/6.3.0/../../../../arm-none-eabi/lib/thumb/libg.a(lib_a-fflush.o)
 .comment       0x0000000000000022       0x23 /home/dan/devkitPro/devkitARM/bin/../lib/gcc/arm-none-eabi/6.3.0/../../../../arm-none-eabi/lib/thumb/libg.a(lib_a-findfp.o)
 .comment       0x0000000000000022       0x23 /home/dan/devkitPro/devkitARM/bin/../lib/gcc/arm-none-eabi/6.3.0/../../../../arm-none-eabi/lib/thumb/libg.a(lib_a-freer.o)
 .comment       0x0000000000000022       0x23 /home/dan/devkitPro/devkitARM/bin/../lib/gcc/arm-none-eabi/6.3.0/../../../../arm-none-eabi/lib/thumb/libg.a(lib_a-fwalk.o)
 .comment       0x0000000000000022       0x23 /home/dan/devkitPro/devkitARM/bin/../lib/gcc/arm-none-eabi/6.3.0/../../../../arm-none-eabi/lib/thumb/libg.a(lib_a-getenv_r.o)
 .comment       0x0000000000000022       0x23 /home/dan/devkitPro/devkitARM/bin/../lib/gcc/arm-none-eabi/6.3.0/../../../../arm-none-eabi/lib/thumb/libg.a(lib_a-impure.o)
 .comment       0x0000000000000022       0x23 /home/dan/devkitPro/devkitARM/bin/../lib/gcc/arm-none-eabi/6.3.0/../../../../arm-none-eabi/lib/thumb/libg.a(lib_a-iswspace.o)
 .comment       0x0000000000000022       0x23 /home/dan/devkitPro/devkitARM/bin/../lib/gcc/arm-none-eabi/6.3.0/../../../../arm-none-eabi/lib/thumb/libg.a(lib_a-jp2uc.o)
 .comment       0x0000000000000022       0x23 /home/dan/devkitPro/devkitARM/bin/../lib/gcc/arm-none-eabi/6.3.0/../../../../arm-none-eabi/lib/thumb/libg.a(lib_a-makebuf.o)
 .comment       0x0000000000000022       0x23 /home/dan/devkitPro/devkitARM/bin/../lib/gcc/arm-none-eabi/6.3.0/../../../../arm-none-eabi/lib/thumb/libg.a(lib_a-malloc.o)
 .comment       0x0000000000000022       0x23 /home/dan/devkitPro/devkitARM/bin/../lib/gcc/arm-none-eabi/6.3.0/../../../../arm-none-eabi/lib/thumb/libg.a(lib_a-mallocr.o)
 .comment       0x0000000000000022       0x23 /home/dan/devkitPro/devkitARM/bin/../lib/gcc/arm-none-eabi/6.3.0/../../../../arm-none-eabi/lib/thumb/libg.a(lib_a-mbrtowc.o)
 .comment       0x0000000000000022       0x23 /home/dan/devkitPro/devkitARM/bin/../lib/gcc/arm-none-eabi/6.3.0/../../../../arm-none-eabi/lib/thumb/libg.a(lib_a-memcpy-stub.o)
 .comment       0x0000000000000022       0x23 /home/dan/devkitPro/devkitARM/bin/../lib/gcc/arm-none-eabi/6.3.0/../../../../arm-none-eabi/lib/thumb/libg.a(lib_a-mlock.o)
 .comment       0x0000000000000022       0x23 /home/dan/devkitPro/devkitARM/bin/../lib/gcc/arm-none-eabi/6.3.0/../../../../arm-none-eabi/lib/thumb/libg.a(lib_a-reallocr.o)
 .comment       0x0000000000000022       0x23 /home/dan/devkitPro/devkitARM/bin/../lib/gcc/arm-none-eabi/6.3.0/../../../../arm-none-eabi/lib/thumb/libg.a(lib_a-sccl.o)
 .comment       0x0000000000000022       0x23 /home/dan/devkitPro/devkitARM/bin/../lib/gcc/arm-none-eabi/6.3.0/../../../../arm-none-eabi/lib/thumb/libg.a(lib_a-strtoll.o)
 .comment       0x0000000000000022       0x23 /home/dan/devkitPro/devkitARM/bin/../lib/gcc/arm-none-eabi/6.3.0/../../../../arm-none-eabi/lib/thumb/libg.a(lib_a-strtoull.o)
 .comment       0x0000000000000022       0x23 /home/dan/devkitPro/devkitARM/bin/../lib/gcc/arm-none-eabi/6.3.0/../../../../arm-none-eabi/lib/thumb/libg.a(lib_a-strtoul.o)
 .comment       0x0000000000000022       0x23 /home/dan/devkitPro/devkitARM/bin/../lib/gcc/arm-none-eabi/6.3.0/../../../../arm-none-eabi/lib/thumb/libg.a(lib_a-environ.o)
 .comment       0x0000000000000022       0x23 /home/dan/devkitPro/devkitARM/bin/../lib/gcc/arm-none-eabi/6.3.0/../../../../arm-none-eabi/lib/thumb/libg.a(lib_a-envlock.o)
 .comment       0x0000000000000022       0x23 /home/dan/devkitPro/devkitARM/bin/../lib/gcc/arm-none-eabi/6.3.0/../../../../arm-none-eabi/lib/thumb/libg.a(lib_a-fclose.o)
 .comment       0x0000000000000022       0x23 /home/dan/devkitPro/devkitARM/bin/../lib/gcc/arm-none-eabi/6.3.0/../../../../arm-none-eabi/lib/thumb/libsysbase.a(iosupport.o)
 .comment       0x0000000000000022       0x23 /home/dan/devkitPro/devkitARM/bin/../lib/gcc/arm-none-eabi/6.3.0/../../../../arm-none-eabi/lib/thumb/libsysbase.a(close.o)
 .comment       0x0000000000000022       0x23 /home/dan/devkitPro/devkitARM/bin/../lib/gcc/arm-none-eabi/6.3.0/../../../../arm-none-eabi/lib/thumb/libsysbase.a(fstat.o)
 .comment       0x0000000000000022       0x23 /home/dan/devkitPro/devkitARM/bin/../lib/gcc/arm-none-eabi/6.3.0/../../../../arm-none-eabi/lib/thumb/libsysbase.a(isatty.o)
 .comment       0x0000000000000022       0x23 /home/dan/devkitPro/devkitARM/bin/../lib/gcc/arm-none-eabi/6.3.0/../../../../arm-none-eabi/lib/thumb/libsysbase.a(lseek.o)
 .comment       0x0000000000000022       0x23 /home/dan/devkitPro/devkitARM/bin/../lib/gcc/arm-none-eabi/6.3.0/../../../../arm-none-eabi/lib/thumb/libsysbase.a(read.o)
 .comment       0x0000000000000022       0x23 /home/dan/devkitPro/devkitARM/bin/../lib/gcc/arm-none-eabi/6.3.0/../../../../arm-none-eabi/lib/thumb/libsysbase.a(sbrk.o)
 .comment       0x0000000000000022       0x23 /home/dan/devkitPro/devkitARM/bin/../lib/gcc/arm-none-eabi/6.3.0/../../../../arm-none-eabi/lib/thumb/libsysbase.a(write.o)
 .comment       0x0000000000000022       0x23 /home/dan/devkitPro/devkitARM/bin/../lib/gcc/arm-none-eabi/6.3.0/../../../../arm-none-eabi/lib/thumb/libsysbase.a(malloc_vars.o)
 .comment       0x0000000000000022       0x23 /home/dan/devkitPro/devkitARM/bin/../lib/gcc/arm-none-eabi/6.3.0/../../../../arm-none-eabi/lib/thumb/libsysbase.a(flock.o)
 .comment       0x0000000000000022       0x23 /home/dan/devkitPro/devkitARM/bin/../lib/gcc/arm-none-eabi/6.3.0/../../../../arm-none-eabi/lib/thumb/libsysbase.a(syscall_support.o)
 .comment       0x0000000000000022       0x23 /home/dan/devkitPro/devkitARM/bin/../lib/gcc/arm-none-eabi/6.3.0/../../../../arm-none-eabi/lib/thumb/libsysbase.a(handle_manager.o)
 .comment       0x0000000000000022       0x23 /home/dan/devkitPro/devkitARM/bin/../lib/gcc/arm-none-eabi/6.3.0/../../../../arm-none-eabi/lib/thumb/libsysbase.a(getreent.o)
 .comment       0x0000000000000022       0x23 /home/dan/devkitPro/devkitARM/bin/../lib/gcc/arm-none-eabi/6.3.0/thumb/libgcc.a(_muldi3.o)
 .comment       0x0000000000000022       0x23 /home/dan/devkitPro/devkitARM/bin/../lib/gcc/arm-none-eabi/6.3.0/thumb/libgcc.a(_udivmoddi4.o)
 .comment       0x0000000000000022       0x23 /home/dan/devkitPro/devkitARM/bin/../lib/gcc/arm-none-eabi/6.3.0/../../../../arm-none-eabi/lib/thumb/libg.a(lib_a-errno.o)
 .comment       0x0000000000000022       0x23 /home/dan/devkitPro/devkitARM/bin/../lib/gcc/arm-none-eabi/6.3.0/thumb/crtend.o

.debug
 *(.debug)

.line
 *(.line)

.debug_srcinfo
 *(.debug_srcinfo)

.debug_sfnames
 *(.debug_sfnames)

.debug_aranges  0x0000000000000000      0x6e0
 *(.debug_aranges)
 .debug_aranges
                0x0000000000000000       0x28 ball.o
 .debug_aranges
                0x0000000000000028       0x20 tonc_bg_affine.o
 .debug_aranges
                0x0000000000000048       0x20 tonc_color.o
 .debug_aranges
                0x0000000000000068       0x20 tonc_sbmp8.o
 .debug_aranges
                0x0000000000000088       0x20 tonc_schr4r.o
 .debug_aranges
                0x00000000000000a8       0x20 tonc_bmp16.o
 .debug_aranges
                0x00000000000000c8       0x20 tonc_irq.o
 .debug_aranges
                0x00000000000000e8       0x20 tonc_bg.o
 .debug_aranges
                0x0000000000000108       0x20 tonc_obj_affine.o
 .debug_aranges
                0x0000000000000128       0x20 tonc_core.o
 .debug_aranges
                0x0000000000000148       0x20 tonc_schr4c.o
 .debug_aranges
                0x0000000000000168       0x20 tonc_math.o
 .debug_aranges
                0x0000000000000188       0x20 tonc_bmp8.o
 .debug_aranges
                0x00000000000001a8       0x20 tonc_surface.o
 .debug_aranges
                0x00000000000001c8       0x20 tonc_oam.o
 .debug_aranges
                0x00000000000001e8       0x20 tonc_sbmp16.o
 .debug_aranges
                0x0000000000000208       0x20 tonc_video.o
 .debug_aranges
                0x0000000000000228       0x20 tonc_input.o
 .debug_aranges
                0x0000000000000248       0x20 tte_init_chr4c.o
 .debug_aranges
                0x0000000000000268       0x20 obj_drawg.o
 .debug_aranges
                0x0000000000000288       0x20 bmp16_drawg_b1cs.o
 .debug_aranges
                0x00000000000002a8       0x20 tte_main.o
 .debug_aranges
                0x00000000000002c8       0x20 chr4r_drawg_b1cts.o
 .debug_aranges
                0x00000000000002e8       0x20 tte_init_ase.o
 .debug_aranges
                0x0000000000000308       0x20 bmp16_drawg.o
 .debug_aranges
                0x0000000000000328       0x20 chr4c_drawg_b1cts.o
 .debug_aranges
                0x0000000000000348       0x20 tte_init_chr4r.o
 .debug_aranges
                0x0000000000000368       0x20 tte_init_se.o
 .debug_aranges
                0x0000000000000388       0x20 bmp8_drawg.o
 .debug_aranges
                0x00000000000003a8       0x20 chr4c_drawg_b4cts.o
 .debug_aranges
                0x00000000000003c8       0x20 tte_init_obj.o
 .debug_aranges
                0x00000000000003e8       0x20 ase_drawg.o
 .debug_aranges
                0x0000000000000408       0x20 se_drawg.o
 .debug_aranges
                0x0000000000000428       0x20 tte_iohook.o
 .debug_aranges
                0x0000000000000448       0x20 tte_init_bmp.o
 .debug_aranges
                0x0000000000000468       0x20 bmp8_drawg_b1cs.o
 .debug_aranges
                0x0000000000000488       0x20 tonc_text_map.o
 .debug_aranges
                0x00000000000004a8       0x20 tonc_text.o
 .debug_aranges
                0x00000000000004c8       0x20 tonc_text_bm.o
 .debug_aranges
                0x00000000000004e8       0x20 tonc_text_oam.o
 .debug_aranges
                0x0000000000000508       0x20 tonc_bitmap.o
 .debug_aranges
                0x0000000000000528       0x20 tonc_isr_nest.o
 .debug_aranges
                0x0000000000000548       0x20 clr_blend_fast.o
 .debug_aranges
                0x0000000000000568       0x20 clr_fade_fast.o
 .debug_aranges
                0x0000000000000588       0x20 tonc_bios.o
 .debug_aranges
                0x00000000000005a8       0x28 tonc_memcpy.o
 .debug_aranges
                0x00000000000005d0       0x20 tonc_bios_ex.o
 .debug_aranges
                0x00000000000005f0       0x28 tonc_nocash.o
 .debug_aranges
                0x0000000000000618       0x20 tonc_isr_master.o
 .debug_aranges
                0x0000000000000638       0x28 tonc_memset.o
 .debug_aranges
                0x0000000000000660       0x20 chr4c_drawg_b4cts_fast.o
 .debug_aranges
                0x0000000000000680       0x20 chr4r_drawg_b1cts_fast.o
 .debug_aranges
                0x00000000000006a0       0x20 bmp8_drawg_b1cts_fast.o
 .debug_aranges
                0x00000000000006c0       0x20 chr4c_drawg_b1cts_fast.o

.debug_pubnames
 *(.debug_pubnames)

.debug_info     0x0000000000000000    0x252a1
 *(.debug_info)
 .debug_info    0x0000000000000000     0x10f8 ball.o
 .debug_info    0x00000000000010f8      0x5fb tonc_bg_affine.o
 .debug_info    0x00000000000016f3      0xd48 tonc_color.o
 .debug_info    0x000000000000243b     0x1286 tonc_sbmp8.o
 .debug_info    0x00000000000036c1     0x114f tonc_schr4r.o
 .debug_info    0x0000000000004810      0x5df tonc_bmp16.o
 .debug_info    0x0000000000004def      0x5ec tonc_irq.o
 .debug_info    0x00000000000053db      0x228 tonc_bg.o
 .debug_info    0x0000000000005603      0x803 tonc_obj_affine.o
 .debug_info    0x0000000000005e06      0x41c tonc_core.o
 .debug_info    0x0000000000006222     0x1bef tonc_schr4c.o
 .debug_info    0x0000000000007e11      0x3f3 tonc_math.o
 .debug_info    0x0000000000008204      0x9ba tonc_bmp8.o
 .debug_info    0x0000000000008bbe      0xf4e tonc_surface.o
 .debug_info    0x0000000000009b0c      0x40b tonc_oam.o
 .debug_info    0x0000000000009f17      0xe61 tonc_sbmp16.o
 .debug_info    0x000000000000ad78      0x1bb tonc_video.o
 .debug_info    0x000000000000af33      0x401 tonc_input.o
 .debug_info    0x000000000000b334     0x1531 tte_init_chr4c.o
 .debug_info    0x000000000000c865     0x11fc obj_drawg.o
 .debug_info    0x000000000000da61     0x12c6 bmp16_drawg_b1cs.o
 .debug_info    0x000000000000ed27     0x234f tte_main.o
 .debug_info    0x0000000000011076     0x11e0 chr4r_drawg_b1cts.o
 .debug_info    0x0000000000012256     0x1301 tte_init_ase.o
 .debug_info    0x0000000000013557     0x126e bmp16_drawg.o
 .debug_info    0x00000000000147c5     0x11e6 chr4c_drawg_b1cts.o
 .debug_info    0x00000000000159ab     0x1529 tte_init_chr4r.o
 .debug_info    0x0000000000016ed4     0x13c6 tte_init_se.o
 .debug_info    0x000000000001829a     0x1264 bmp8_drawg.o
 .debug_info    0x00000000000194fe     0x11f0 chr4c_drawg_b4cts.o
 .debug_info    0x000000000001a6ee     0x12ed tte_init_obj.o
 .debug_info    0x000000000001b9db     0x14a4 ase_drawg.o
 .debug_info    0x000000000001ce7f     0x13a1 se_drawg.o
 .debug_info    0x000000000001e220     0x1d22 tte_iohook.o
 .debug_info    0x000000000001ff42     0x122d tte_init_bmp.o
 .debug_info    0x000000000002116f     0x1328 bmp8_drawg_b1cs.o
 .debug_info    0x0000000000022497      0x512 tonc_text_map.o
 .debug_info    0x00000000000229a9      0x3b4 tonc_text.o
 .debug_info    0x0000000000022d5d      0xead tonc_text_bm.o
 .debug_info    0x0000000000023c0a      0x539 tonc_text_oam.o
 .debug_info    0x0000000000024143      0x707 tonc_bitmap.o
 .debug_info    0x000000000002484a       0x83 tonc_isr_nest.o
 .debug_info    0x00000000000248cd       0xd7 clr_blend_fast.o
 .debug_info    0x00000000000249a4       0xd6 clr_fade_fast.o
 .debug_info    0x0000000000024a7a       0xd2 tonc_bios.o
 .debug_info    0x0000000000024b4c       0xd0 tonc_memcpy.o
 .debug_info    0x0000000000024c1c       0xd5 tonc_bios_ex.o
 .debug_info    0x0000000000024cf1       0xd0 tonc_nocash.o
 .debug_info    0x0000000000024dc1       0x85 tonc_isr_master.o
 .debug_info    0x0000000000024e46       0xd0 tonc_memset.o
 .debug_info    0x0000000000024f16       0xe3 chr4c_drawg_b4cts_fast.o
 .debug_info    0x0000000000024ff9       0xe3 chr4r_drawg_b1cts_fast.o
 .debug_info    0x00000000000250dc       0xe2 bmp8_drawg_b1cts_fast.o
 .debug_info    0x00000000000251be       0xe3 chr4c_drawg_b1cts_fast.o

.debug_abbrev   0x0000000000000000     0x65fa
 *(.debug_abbrev)
 .debug_abbrev  0x0000000000000000      0x31d ball.o
 .debug_abbrev  0x000000000000031d      0x1d6 tonc_bg_affine.o
 .debug_abbrev  0x00000000000004f3      0x310 tonc_color.o
 .debug_abbrev  0x0000000000000803      0x378 tonc_sbmp8.o
 .debug_abbrev  0x0000000000000b7b      0x39c tonc_schr4r.o
 .debug_abbrev  0x0000000000000f17      0x169 tonc_bmp16.o
 .debug_abbrev  0x0000000000001080      0x24a tonc_irq.o
 .debug_abbrev  0x00000000000012ca       0xe7 tonc_bg.o
 .debug_abbrev  0x00000000000013b1      0x23a tonc_obj_affine.o
 .debug_abbrev  0x00000000000015eb      0x141 tonc_core.o
 .debug_abbrev  0x000000000000172c      0x3e5 tonc_schr4c.o
 .debug_abbrev  0x0000000000001b11      0x175 tonc_math.o
 .debug_abbrev  0x0000000000001c86      0x2b9 tonc_bmp8.o
 .debug_abbrev  0x0000000000001f3f      0x2c5 tonc_surface.o
 .debug_abbrev  0x0000000000002204      0x177 tonc_oam.o
 .debug_abbrev  0x000000000000237b      0x2f2 tonc_sbmp16.o
 .debug_abbrev  0x000000000000266d       0xc1 tonc_video.o
 .debug_abbrev  0x000000000000272e      0x20e tonc_input.o
 .debug_abbrev  0x000000000000293c      0x2ce tte_init_chr4c.o
 .debug_abbrev  0x0000000000002c0a      0x2aa obj_drawg.o
 .debug_abbrev  0x0000000000002eb4      0x249 bmp16_drawg_b1cs.o
 .debug_abbrev  0x00000000000030fd      0x59b tte_main.o
 .debug_abbrev  0x0000000000003698      0x258 chr4r_drawg_b1cts.o
 .debug_abbrev  0x00000000000038f0      0x2dd tte_init_ase.o
 .debug_abbrev  0x0000000000003bcd      0x258 bmp16_drawg.o
 .debug_abbrev  0x0000000000003e25      0x249 chr4c_drawg_b1cts.o
 .debug_abbrev  0x000000000000406e      0x2db tte_init_chr4r.o
 .debug_abbrev  0x0000000000004349      0x33a tte_init_se.o
 .debug_abbrev  0x0000000000004683      0x271 bmp8_drawg.o
 .debug_abbrev  0x00000000000048f4      0x249 chr4c_drawg_b4cts.o
 .debug_abbrev  0x0000000000004b3d      0x2d4 tte_init_obj.o
 .debug_abbrev  0x0000000000004e11      0x2f4 ase_drawg.o
 .debug_abbrev  0x0000000000005105      0x29e se_drawg.o
 .debug_abbrev  0x00000000000053a3      0x353 tte_iohook.o
 .debug_abbrev  0x00000000000056f6      0x273 tte_init_bmp.o
 .debug_abbrev  0x0000000000005969      0x271 bmp8_drawg_b1cs.o
 .debug_abbrev  0x0000000000005bda      0x191 tonc_text_map.o
 .debug_abbrev  0x0000000000005d6b      0x159 tonc_text.o
 .debug_abbrev  0x0000000000005ec4      0x231 tonc_text_bm.o
 .debug_abbrev  0x00000000000060f5      0x1b7 tonc_text_oam.o
 .debug_abbrev  0x00000000000062ac      0x250 tonc_bitmap.o
 .debug_abbrev  0x00000000000064fc       0x14 tonc_isr_nest.o
 .debug_abbrev  0x0000000000006510       0x14 clr_blend_fast.o
 .debug_abbrev  0x0000000000006524       0x14 clr_fade_fast.o
 .debug_abbrev  0x0000000000006538       0x14 tonc_bios.o
 .debug_abbrev  0x000000000000654c       0x12 tonc_memcpy.o
 .debug_abbrev  0x000000000000655e       0x14 tonc_bios_ex.o
 .debug_abbrev  0x0000000000006572       0x12 tonc_nocash.o
 .debug_abbrev  0x0000000000006584       0x14 tonc_isr_master.o
 .debug_abbrev  0x0000000000006598       0x12 tonc_memset.o
 .debug_abbrev  0x00000000000065aa       0x14 chr4c_drawg_b4cts_fast.o
 .debug_abbrev  0x00000000000065be       0x14 chr4r_drawg_b1cts_fast.o
 .debug_abbrev  0x00000000000065d2       0x14 bmp8_drawg_b1cts_fast.o
 .debug_abbrev  0x00000000000065e6       0x14 chr4c_drawg_b1cts_fast.o

.debug_line     0x0000000000000000     0x7c63
 *(.debug_line)
 .debug_line    0x0000000000000000      0x379 ball.o
 .debug_line    0x0000000000000379      0x1d1 tonc_bg_affine.o
 .debug_line    0x000000000000054a      0x63a tonc_color.o
 .debug_line    0x0000000000000b84      0x2e2 tonc_sbmp8.o
 .debug_line    0x0000000000000e66      0x450 tonc_schr4r.o
 .debug_line    0x00000000000012b6      0x19b tonc_bmp16.o
 .debug_line    0x0000000000001451      0x251 tonc_irq.o
 .debug_line    0x00000000000016a2      0x13e tonc_bg.o
 .debug_line    0x00000000000017e0      0x252 tonc_obj_affine.o
 .debug_line    0x0000000000001a32      0x199 tonc_core.o
 .debug_line    0x0000000000001bcb      0x514 tonc_schr4c.o
 .debug_line    0x00000000000020df      0x17d tonc_math.o
 .debug_line    0x000000000000225c      0x2a8 tonc_bmp8.o
 .debug_line    0x0000000000002504      0x2a8 tonc_surface.o
 .debug_line    0x00000000000027ac      0x162 tonc_oam.o
 .debug_line    0x000000000000290e      0x225 tonc_sbmp16.o
 .debug_line    0x0000000000002b33      0x10a tonc_video.o
 .debug_line    0x0000000000002c3d      0x1ab tonc_input.o
 .debug_line    0x0000000000002de8      0x2d5 tte_init_chr4c.o
 .debug_line    0x00000000000030bd      0x2c5 obj_drawg.o
 .debug_line    0x0000000000003382      0x344 bmp16_drawg_b1cs.o
 .debug_line    0x00000000000036c6      0x701 tte_main.o
 .debug_line    0x0000000000003dc7      0x314 chr4r_drawg_b1cts.o
 .debug_line    0x00000000000040db      0x285 tte_init_ase.o
 .debug_line    0x0000000000004360      0x31a bmp16_drawg.o
 .debug_line    0x000000000000467a      0x30b chr4c_drawg_b1cts.o
 .debug_line    0x0000000000004985      0x2d4 tte_init_chr4r.o
 .debug_line    0x0000000000004c59      0x2a0 tte_init_se.o
 .debug_line    0x0000000000004ef9      0x307 bmp8_drawg.o
 .debug_line    0x0000000000005200      0x329 chr4c_drawg_b4cts.o
 .debug_line    0x0000000000005529      0x2ef tte_init_obj.o
 .debug_line    0x0000000000005818      0x3d2 ase_drawg.o
 .debug_line    0x0000000000005bea      0x2d5 se_drawg.o
 .debug_line    0x0000000000005ebf      0x3e0 tte_iohook.o
 .debug_line    0x000000000000629f      0x29b tte_init_bmp.o
 .debug_line    0x000000000000653a      0x388 bmp8_drawg_b1cs.o
 .debug_line    0x00000000000068c2      0x169 tonc_text_map.o
 .debug_line    0x0000000000006a2b      0x164 tonc_text.o
 .debug_line    0x0000000000006b8f      0x365 tonc_text_bm.o
 .debug_line    0x0000000000006ef4      0x188 tonc_text_oam.o
 .debug_line    0x000000000000707c      0x23b tonc_bitmap.o
 .debug_line    0x00000000000072b7       0x71 tonc_isr_nest.o
 .debug_line    0x0000000000007328       0xb0 clr_blend_fast.o
 .debug_line    0x00000000000073d8       0xaf clr_fade_fast.o
 .debug_line    0x0000000000007487       0xd3 tonc_bios.o
 .debug_line    0x000000000000755a       0xcd tonc_memcpy.o
 .debug_line    0x0000000000007627       0xb5 tonc_bios_ex.o
 .debug_line    0x00000000000076dc       0xbd tonc_nocash.o
 .debug_line    0x0000000000007799       0x6b tonc_isr_master.o
 .debug_line    0x0000000000007804       0xce tonc_memset.o
 .debug_line    0x00000000000078d2       0xe5 chr4c_drawg_b4cts_fast.o
 .debug_line    0x00000000000079b7       0xed chr4r_drawg_b1cts_fast.o
 .debug_line    0x0000000000007aa4       0xd9 bmp8_drawg_b1cts_fast.o
 .debug_line    0x0000000000007b7d       0xe6 chr4c_drawg_b1cts_fast.o

.debug_frame    0x0000000000000000     0x1ad8
 *(.debug_frame)
 .debug_frame   0x0000000000000000       0x68 ball.o
 .debug_frame   0x0000000000000068       0xcc tonc_bg_affine.o
 .debug_frame   0x0000000000000134      0x1b8 tonc_color.o
 .debug_frame   0x00000000000002ec      0x168 tonc_sbmp8.o
 .debug_frame   0x0000000000000454      0x144 tonc_schr4r.o
 .debug_frame   0x0000000000000598       0xc8 tonc_bmp16.o
 .debug_frame   0x0000000000000660       0xd4 tonc_irq.o
 .debug_frame   0x0000000000000734       0x3c tonc_bg.o
 .debug_frame   0x0000000000000770       0xf0 tonc_obj_affine.o
 .debug_frame   0x0000000000000860       0x7c tonc_core.o
 .debug_frame   0x00000000000008dc      0x1ac tonc_schr4c.o
 .debug_frame   0x0000000000000a88       0x54 tonc_math.o
 .debug_frame   0x0000000000000adc       0xe8 tonc_bmp8.o
 .debug_frame   0x0000000000000bc4       0x6c tonc_surface.o
 .debug_frame   0x0000000000000c30       0x70 tonc_oam.o
 .debug_frame   0x0000000000000ca0      0x150 tonc_sbmp16.o
 .debug_frame   0x0000000000000df0       0x20 tonc_video.o
 .debug_frame   0x0000000000000e10       0x80 tonc_input.o
 .debug_frame   0x0000000000000e90       0x54 tte_init_chr4c.o
 .debug_frame   0x0000000000000ee4       0x4c obj_drawg.o
 .debug_frame   0x0000000000000f30       0x68 bmp16_drawg_b1cs.o
 .debug_frame   0x0000000000000f98      0x20c tte_main.o
 .debug_frame   0x00000000000011a4       0x3c chr4r_drawg_b1cts.o
 .debug_frame   0x00000000000011e0       0x3c tte_init_ase.o
 .debug_frame   0x000000000000121c       0x60 bmp16_drawg.o
 .debug_frame   0x000000000000127c       0x3c chr4c_drawg_b1cts.o
 .debug_frame   0x00000000000012b8       0x54 tte_init_chr4r.o
 .debug_frame   0x000000000000130c       0x3c tte_init_se.o
 .debug_frame   0x0000000000001348       0x68 bmp8_drawg.o
 .debug_frame   0x00000000000013b0       0x3c chr4c_drawg_b4cts.o
 .debug_frame   0x00000000000013ec       0x3c tte_init_obj.o
 .debug_frame   0x0000000000001428       0xc0 ase_drawg.o
 .debug_frame   0x00000000000014e8       0xa0 se_drawg.o
 .debug_frame   0x0000000000001588       0x9c tte_iohook.o
 .debug_frame   0x0000000000001624       0x64 tte_init_bmp.o
 .debug_frame   0x0000000000001688       0x68 bmp8_drawg_b1cs.o
 .debug_frame   0x00000000000016f0       0x84 tonc_text_map.o
 .debug_frame   0x0000000000001774       0x4c tonc_text.o
 .debug_frame   0x00000000000017c0      0x158 tonc_text_bm.o
 .debug_frame   0x0000000000001918       0x84 tonc_text_oam.o
 .debug_frame   0x000000000000199c      0x13c tonc_bitmap.o

.debug_str      0x0000000000000000     0x2c47
 *(.debug_str)
 .debug_str     0x0000000000000000      0x5ed ball.o
                                        0x6a9 (size before relaxing)
 .debug_str     0x00000000000005ed      0x142 tonc_bg_affine.o
                                        0x282 (size before relaxing)
 .debug_str     0x000000000000072f      0x19a tonc_color.o
                                        0x327 (size before relaxing)
 .debug_str     0x00000000000008c9      0x27d tonc_sbmp8.o
                                        0x428 (size before relaxing)
 .debug_str     0x0000000000000b46      0x12a tonc_schr4r.o
                                        0x3b5 (size before relaxing)
 .debug_str     0x0000000000000c70       0x69 tonc_bmp16.o
                                        0x22b (size before relaxing)
 .debug_str     0x0000000000000cd9      0x1a7 tonc_irq.o
                                        0x314 (size before relaxing)
 .debug_str     0x0000000000000e80       0x71 tonc_bg.o
                                        0x1c3 (size before relaxing)
 .debug_str     0x0000000000000ef1      0x122 tonc_obj_affine.o
                                        0x2ea (size before relaxing)
 .debug_str     0x0000000000001013       0x95 tonc_core.o
                                        0x206 (size before relaxing)
 .debug_str     0x00000000000010a8      0x13b tonc_schr4c.o
                                        0x453 (size before relaxing)
 .debug_str     0x00000000000011e3       0x99 tonc_math.o
                                        0x201 (size before relaxing)
 .debug_str     0x000000000000127c       0x64 tonc_bmp8.o
                                        0x238 (size before relaxing)
 .debug_str     0x00000000000012e0       0x9e tonc_surface.o
                                        0x7a7 (size before relaxing)
 .debug_str     0x000000000000137e       0xad tonc_oam.o
                                        0x221 (size before relaxing)
 .debug_str     0x000000000000142b      0x102 tonc_sbmp16.o
                                        0x417 (size before relaxing)
 .debug_str     0x000000000000152d       0x69 tonc_video.o
                                        0x1ae (size before relaxing)
 .debug_str     0x0000000000001596       0xda tonc_input.o
                                        0x258 (size before relaxing)
 .debug_str     0x0000000000001670      0x388 tte_init_chr4c.o
                                        0xb2a (size before relaxing)
 .debug_str     0x00000000000019f8       0x77 obj_drawg.o
                                        0x9c0 (size before relaxing)
 .debug_str     0x0000000000001a6f       0x8e bmp16_drawg_b1cs.o
                                        0x9c0 (size before relaxing)
 .debug_str     0x0000000000001afd      0x21f tte_main.o
                                        0xd17 (size before relaxing)
 .debug_str     0x0000000000001d1c       0x84 chr4r_drawg_b1cts.o
                                        0x9bb (size before relaxing)
 .debug_str     0x0000000000001da0       0xa9 tte_init_ase.o
                                        0xa7d (size before relaxing)
 .debug_str     0x0000000000001e49       0x85 bmp16_drawg.o
                                        0x9b1 (size before relaxing)
 .debug_str     0x0000000000001ece       0x7d chr4c_drawg_b1cts.o
                                        0x9bb (size before relaxing)
 .debug_str     0x0000000000001f4b       0x83 tte_init_chr4r.o
                                        0xb2a (size before relaxing)
 .debug_str     0x0000000000001fce       0x82 tte_init_se.o
                                        0xa87 (size before relaxing)
 .debug_str     0x0000000000002050       0x7c bmp8_drawg.o
                                        0x9aa (size before relaxing)
 .debug_str     0x00000000000020cc       0x89 chr4c_drawg_b4cts.o
                                        0x9c2 (size before relaxing)
 .debug_str     0x0000000000002155       0x73 tte_init_obj.o
                                        0xa5a (size before relaxing)
 .debug_str     0x00000000000021c8       0xae ase_drawg.o
                                        0x9de (size before relaxing)
 .debug_str     0x0000000000002276       0x62 se_drawg.o
                                        0x9da (size before relaxing)
 .debug_str     0x00000000000022d8      0x4ad tte_iohook.o
                                        0xed1 (size before relaxing)
 .debug_str     0x0000000000002785       0x90 tte_init_bmp.o
                                        0x9da (size before relaxing)
 .debug_str     0x0000000000002815       0x8b bmp8_drawg_b1cs.o
                                        0x9c7 (size before relaxing)
 .debug_str     0x00000000000028a0       0xa3 tonc_text_map.o
                                        0x289 (size before relaxing)
 .debug_str     0x0000000000002943       0xa4 tonc_text.o
                                        0x25d (size before relaxing)
 .debug_str     0x00000000000029e7       0xff tonc_text_bm.o
                                        0x2b0 (size before relaxing)
 .debug_str     0x0000000000002ae6       0x9d tonc_text_oam.o
                                        0x293 (size before relaxing)
 .debug_str     0x0000000000002b83       0xc4 tonc_bitmap.o
                                        0x23d (size before relaxing)

.debug_loc      0x0000000000000000    0x14044
 *(.debug_loc)
 .debug_loc     0x0000000000000000      0x870 ball.o
 .debug_loc     0x0000000000000870      0x310 tonc_bg_affine.o
 .debug_loc     0x0000000000000b80     0x12df tonc_color.o
 .debug_loc     0x0000000000001e5f     0x1bc7 tonc_sbmp8.o
 .debug_loc     0x0000000000003a26     0x1681 tonc_schr4r.o
 .debug_loc     0x00000000000050a7      0x8c5 tonc_bmp16.o
 .debug_loc     0x000000000000596c      0x41d tonc_irq.o
 .debug_loc     0x0000000000005d89      0x308 tonc_bg.o
 .debug_loc     0x0000000000006091      0x5aa tonc_obj_affine.o
 .debug_loc     0x000000000000663b      0x6fe tonc_core.o
 .debug_loc     0x0000000000006d39     0x2709 tonc_schr4c.o
 .debug_loc     0x0000000000009442       0x8c tonc_math.o
 .debug_loc     0x00000000000094ce     0x1103 tonc_bmp8.o
 .debug_loc     0x000000000000a5d1      0x315 tonc_surface.o
 .debug_loc     0x000000000000a8e6      0x2df tonc_oam.o
 .debug_loc     0x000000000000abc5     0x12c8 tonc_sbmp16.o
 .debug_loc     0x000000000000be8d       0x84 tonc_input.o
 .debug_loc     0x000000000000bf11      0x27c tte_init_chr4c.o
 .debug_loc     0x000000000000c18d       0xfa obj_drawg.o
 .debug_loc     0x000000000000c287      0x480 bmp16_drawg_b1cs.o
 .debug_loc     0x000000000000c707     0x134e tte_main.o
 .debug_loc     0x000000000000da55      0x4fe chr4r_drawg_b1cts.o
 .debug_loc     0x000000000000df53      0x263 tte_init_ase.o
 .debug_loc     0x000000000000e1b6      0x3f6 bmp16_drawg.o
 .debug_loc     0x000000000000e5ac      0x62a chr4c_drawg_b1cts.o
 .debug_loc     0x000000000000ebd6      0x21e tte_init_chr4r.o
 .debug_loc     0x000000000000edf4      0x3bb tte_init_se.o
 .debug_loc     0x000000000000f1af      0x2e1 bmp8_drawg.o
 .debug_loc     0x000000000000f490      0x4d7 chr4c_drawg_b4cts.o
 .debug_loc     0x000000000000f967      0x24a tte_init_obj.o
 .debug_loc     0x000000000000fbb1      0x59a ase_drawg.o
 .debug_loc     0x000000000001014b      0x4ce se_drawg.o
 .debug_loc     0x0000000000010619      0x59c tte_iohook.o
 .debug_loc     0x0000000000010bb5      0x27f tte_init_bmp.o
 .debug_loc     0x0000000000010e34      0x528 bmp8_drawg_b1cs.o
 .debug_loc     0x000000000001135c      0x35b tonc_text_map.o
 .debug_loc     0x00000000000116b7      0x262 tonc_text.o
 .debug_loc     0x0000000000011919     0x176c tonc_text_bm.o
 .debug_loc     0x0000000000013085      0x302 tonc_text_oam.o
 .debug_loc     0x0000000000013387      0xcbd tonc_bitmap.o

.debug_macinfo
 *(.debug_macinfo)

.debug_weaknames
 *(.debug_weaknames)

.debug_funcnames
 *(.debug_funcnames)

.debug_typenames
 *(.debug_typenames)

.debug_varnames
 *(.debug_varnames)

.stack          0x0000000000080000        0x0
                0x0000000000080000                _stack = .
 *(.stack)

.note.gnu.arm.ident
 *(.note.gnu.arm.ident)

.ARM.attributes
                0x0000000000000000       0x2c
 *(.ARM.attributes)
 .ARM.attributes
                0x0000000000000000       0x20 /home/dan/devkitPro/devkitARM/bin/../lib/gcc/arm-none-eabi/6.3.0/../../../../arm-none-eabi/lib/thumb/gba_crt0.o
 .ARM.attributes
                0x0000000000000020       0x16 /home/dan/devkitPro/devkitARM/bin/../lib/gcc/arm-none-eabi/6.3.0/thumb/crti.o
 .ARM.attributes
                0x0000000000000036       0x30 /home/dan/devkitPro/devkitARM/bin/../lib/gcc/arm-none-eabi/6.3.0/thumb/crtbegin.o
 .ARM.attributes
                0x0000000000000066       0x2c ball.o
 .ARM.attributes
                0x0000000000000092       0x2c tonc_bg_affine.o
 .ARM.attributes
                0x00000000000000be       0x2c tonc_color.o
 .ARM.attributes
                0x00000000000000ea       0x2c tonc_sbmp8.o
 .ARM.attributes
                0x0000000000000116       0x2c tonc_schr4r.o
 .ARM.attributes
                0x0000000000000142       0x2c tonc_bmp16.o
 .ARM.attributes
                0x000000000000016e       0x2c tonc_irq.o
 .ARM.attributes
                0x000000000000019a       0x2c tonc_bg.o
 .ARM.attributes
                0x00000000000001c6       0x2c tonc_obj_affine.o
 .ARM.attributes
                0x00000000000001f2       0x2c tonc_core.o
 .ARM.attributes
                0x000000000000021e       0x2c tonc_schr4c.o
 .ARM.attributes
                0x000000000000024a       0x2c tonc_math.o
 .ARM.attributes
                0x0000000000000276       0x2c tonc_bmp8.o
 .ARM.attributes
                0x00000000000002a2       0x2c tonc_surface.o
 .ARM.attributes
                0x00000000000002ce       0x2c tonc_oam.o
 .ARM.attributes
                0x00000000000002fa       0x2c tonc_sbmp16.o
 .ARM.attributes
                0x0000000000000326       0x2c tonc_video.o
 .ARM.attributes
                0x0000000000000352       0x2c tonc_input.o
 .ARM.attributes
                0x000000000000037e       0x2c tte_init_chr4c.o
 .ARM.attributes
                0x00000000000003aa       0x2c obj_drawg.o
 .ARM.attributes
                0x00000000000003d6       0x2c bmp16_drawg_b1cs.o
 .ARM.attributes
                0x0000000000000402       0x2c tte_main.o
 .ARM.attributes
                0x000000000000042e       0x2c chr4r_drawg_b1cts.o
 .ARM.attributes
                0x000000000000045a       0x2c tte_init_ase.o
 .ARM.attributes
                0x0000000000000486       0x2c bmp16_drawg.o
 .ARM.attributes
                0x00000000000004b2       0x2c chr4c_drawg_b1cts.o
 .ARM.attributes
                0x00000000000004de       0x2c tte_init_chr4r.o
 .ARM.attributes
                0x000000000000050a       0x2c tte_init_se.o
 .ARM.attributes
                0x0000000000000536       0x2c bmp8_drawg.o
 .ARM.attributes
                0x0000000000000562       0x2c chr4c_drawg_b4cts.o
 .ARM.attributes
                0x000000000000058e       0x2c tte_init_obj.o
 .ARM.attributes
                0x00000000000005ba       0x2c ase_drawg.o
 .ARM.attributes
                0x00000000000005e6       0x2c se_drawg.o
 .ARM.attributes
                0x0000000000000612       0x2c tte_iohook.o
 .ARM.attributes
                0x000000000000063e       0x2c tte_init_bmp.o
 .ARM.attributes
                0x000000000000066a       0x2c bmp8_drawg_b1cs.o
 .ARM.attributes
                0x0000000000000696       0x2c tonc_text_map.o
 .ARM.attributes
                0x00000000000006c2       0x2c tonc_text.o
 .ARM.attributes
                0x00000000000006ee       0x2c tonc_text_bm.o
 .ARM.attributes
                0x000000000000071a       0x2c tonc_text_oam.o
 .ARM.attributes
                0x0000000000000746       0x2c tonc_bitmap.o
 .ARM.attributes
                0x0000000000000772       0x16 tonc_isr_nest.o
 .ARM.attributes
                0x0000000000000788       0x16 clr_blend_fast.o
 .ARM.attributes
                0x000000000000079e       0x16 clr_fade_fast.o
 .ARM.attributes
                0x00000000000007b4       0x14 tonc_bios.o
 .ARM.attributes
                0x00000000000007c8       0x16 tonc_memcpy.o
 .ARM.attributes
                0x00000000000007de       0x14 sin_lut.o
 .ARM.attributes
                0x00000000000007f2       0x14 tonc_bios_ex.o
 .ARM.attributes
                0x0000000000000806       0x14 div_lut.o
 .ARM.attributes
                0x000000000000081a       0x14 tonc_nocash.o
 .ARM.attributes
                0x000000000000082e       0x16 tonc_isr_master.o
 .ARM.attributes
                0x0000000000000844       0x16 tonc_memset.o
 .ARM.attributes
                0x000000000000085a       0x16 chr4c_drawg_b4cts_fast.o
 .ARM.attributes
                0x0000000000000870       0x14 tte_types.o
 .ARM.attributes
                0x0000000000000884       0x16 chr4r_drawg_b1cts_fast.o
 .ARM.attributes
                0x000000000000089a       0x16 bmp8_drawg_b1cts_fast.o
 .ARM.attributes
                0x00000000000008b0       0x16 chr4c_drawg_b1cts_fast.o
 .ARM.attributes
                0x00000000000008c6       0x14 toncfont.o
 .ARM.attributes
                0x00000000000008da       0x18 /home/dan/devkitPro/devkitARM/bin/../lib/gcc/arm-none-eabi/6.3.0/thumb/libgcc.a(_divsi3.o)
 .ARM.attributes
                0x00000000000008f2       0x16 /home/dan/devkitPro/devkitARM/bin/../lib/gcc/arm-none-eabi/6.3.0/thumb/libgcc.a(_dvmd_tls.o)
 .ARM.attributes
                0x0000000000000908       0x30 /home/dan/devkitPro/devkitARM/bin/../lib/gcc/arm-none-eabi/6.3.0/../../../../arm-none-eabi/lib/thumb/libg.a(lib_a-init.o)
 .ARM.attributes
                0x0000000000000938       0x30 /home/dan/devkitPro/devkitARM/bin/../lib/gcc/arm-none-eabi/6.3.0/../../../../arm-none-eabi/lib/thumb/libg.a(lib_a-locale.o)
 .ARM.attributes
                0x0000000000000968       0x30 /home/dan/devkitPro/devkitARM/bin/../lib/gcc/arm-none-eabi/6.3.0/../../../../arm-none-eabi/lib/thumb/libg.a(lib_a-mbtowc_r.o)
 .ARM.attributes
                0x0000000000000998       0x30 /home/dan/devkitPro/devkitARM/bin/../lib/gcc/arm-none-eabi/6.3.0/../../../../arm-none-eabi/lib/thumb/libg.a(lib_a-memmove.o)
 .ARM.attributes
                0x00000000000009c8       0x30 /home/dan/devkitPro/devkitARM/bin/../lib/gcc/arm-none-eabi/6.3.0/../../../../arm-none-eabi/lib/thumb/libg.a(lib_a-memset.o)
 .ARM.attributes
                0x00000000000009f8       0x30 /home/dan/devkitPro/devkitARM/bin/../lib/gcc/arm-none-eabi/6.3.0/../../../../arm-none-eabi/lib/thumb/libg.a(lib_a-setvbuf.o)
 .ARM.attributes
                0x0000000000000a28       0x30 /home/dan/devkitPro/devkitARM/bin/../lib/gcc/arm-none-eabi/6.3.0/../../../../arm-none-eabi/lib/thumb/libg.a(lib_a-siscanf.o)
 .ARM.attributes
                0x0000000000000a58       0x30 /home/dan/devkitPro/devkitARM/bin/../lib/gcc/arm-none-eabi/6.3.0/../../../../arm-none-eabi/lib/thumb/libg.a(lib_a-stdio.o)
 .ARM.attributes
                0x0000000000000a88       0x30 /home/dan/devkitPro/devkitARM/bin/../lib/gcc/arm-none-eabi/6.3.0/../../../../arm-none-eabi/lib/thumb/libg.a(lib_a-strcasecmp.o)
 .ARM.attributes
                0x0000000000000ab8       0x30 /home/dan/devkitPro/devkitARM/bin/../lib/gcc/arm-none-eabi/6.3.0/../../../../arm-none-eabi/lib/thumb/libg.a(lib_a-strcat.o)
 .ARM.attributes
                0x0000000000000ae8       0x30 /home/dan/devkitPro/devkitARM/bin/../lib/gcc/arm-none-eabi/6.3.0/../../../../arm-none-eabi/lib/thumb/libg.a(lib_a-strchr.o)
 .ARM.attributes
                0x0000000000000b18       0x16 /home/dan/devkitPro/devkitARM/bin/../lib/gcc/arm-none-eabi/6.3.0/../../../../arm-none-eabi/lib/thumb/libg.a(lib_a-strcmp.o)
 .ARM.attributes
                0x0000000000000b2e       0x30 /home/dan/devkitPro/devkitARM/bin/../lib/gcc/arm-none-eabi/6.3.0/../../../../arm-none-eabi/lib/thumb/libg.a(lib_a-strcpy.o)
 .ARM.attributes
                0x0000000000000b5e       0x30 /home/dan/devkitPro/devkitARM/bin/../lib/gcc/arm-none-eabi/6.3.0/../../../../arm-none-eabi/lib/thumb/libg.a(lib_a-strlcpy.o)
 .ARM.attributes
                0x0000000000000b8e       0x30 /home/dan/devkitPro/devkitARM/bin/../lib/gcc/arm-none-eabi/6.3.0/../../../../arm-none-eabi/lib/thumb/libg.a(lib_a-strlen-stub.o)
 .ARM.attributes
                0x0000000000000bbe       0x30 /home/dan/devkitPro/devkitARM/bin/../lib/gcc/arm-none-eabi/6.3.0/../../../../arm-none-eabi/lib/thumb/libg.a(lib_a-strncasecmp.o)
 .ARM.attributes
                0x0000000000000bee       0x30 /home/dan/devkitPro/devkitARM/bin/../lib/gcc/arm-none-eabi/6.3.0/../../../../arm-none-eabi/lib/thumb/libg.a(lib_a-strncmp.o)
 .ARM.attributes
                0x0000000000000c1e       0x30 /home/dan/devkitPro/devkitARM/bin/../lib/gcc/arm-none-eabi/6.3.0/../../../../arm-none-eabi/lib/thumb/libg.a(lib_a-strncpy.o)
 .ARM.attributes
                0x0000000000000c4e       0x30 /home/dan/devkitPro/devkitARM/bin/../lib/gcc/arm-none-eabi/6.3.0/../../../../arm-none-eabi/lib/thumb/libg.a(lib_a-strtol.o)
 .ARM.attributes
                0x0000000000000c7e       0x30 /home/dan/devkitPro/devkitARM/bin/../lib/gcc/arm-none-eabi/6.3.0/../../../../arm-none-eabi/lib/thumb/libg.a(lib_a-svfiscanf.o)
 .ARM.attributes
                0x0000000000000cae       0x30 /home/dan/devkitPro/devkitARM/bin/../lib/gcc/arm-none-eabi/6.3.0/../../../../arm-none-eabi/lib/thumb/libg.a(lib_a-ungetc.o)
 .ARM.attributes
                0x0000000000000cde       0x30 /home/dan/devkitPro/devkitARM/bin/../lib/gcc/arm-none-eabi/6.3.0/../../../../arm-none-eabi/lib/thumb/libg.a(lib_a-wctomb_r.o)
 .ARM.attributes
                0x0000000000000d0e       0x30 /home/dan/devkitPro/devkitARM/bin/../lib/gcc/arm-none-eabi/6.3.0/../../../../arm-none-eabi/lib/thumb/libg.a(lib_a-ctype_.o)
 .ARM.attributes
                0x0000000000000d3e       0x30 /home/dan/devkitPro/devkitARM/bin/../lib/gcc/arm-none-eabi/6.3.0/../../../../arm-none-eabi/lib/thumb/libg.a(lib_a-fflush.o)
 .ARM.attributes
                0x0000000000000d6e       0x30 /home/dan/devkitPro/devkitARM/bin/../lib/gcc/arm-none-eabi/6.3.0/../../../../arm-none-eabi/lib/thumb/libg.a(lib_a-findfp.o)
 .ARM.attributes
                0x0000000000000d9e       0x30 /home/dan/devkitPro/devkitARM/bin/../lib/gcc/arm-none-eabi/6.3.0/../../../../arm-none-eabi/lib/thumb/libg.a(lib_a-freer.o)
 .ARM.attributes
                0x0000000000000dce       0x30 /home/dan/devkitPro/devkitARM/bin/../lib/gcc/arm-none-eabi/6.3.0/../../../../arm-none-eabi/lib/thumb/libg.a(lib_a-fwalk.o)
 .ARM.attributes
                0x0000000000000dfe       0x30 /home/dan/devkitPro/devkitARM/bin/../lib/gcc/arm-none-eabi/6.3.0/../../../../arm-none-eabi/lib/thumb/libg.a(lib_a-getenv_r.o)
 .ARM.attributes
                0x0000000000000e2e       0x30 /home/dan/devkitPro/devkitARM/bin/../lib/gcc/arm-none-eabi/6.3.0/../../../../arm-none-eabi/lib/thumb/libg.a(lib_a-impure.o)
 .ARM.attributes
                0x0000000000000e5e       0x30 /home/dan/devkitPro/devkitARM/bin/../lib/gcc/arm-none-eabi/6.3.0/../../../../arm-none-eabi/lib/thumb/libg.a(lib_a-iswspace.o)
 .ARM.attributes
                0x0000000000000e8e       0x30 /home/dan/devkitPro/devkitARM/bin/../lib/gcc/arm-none-eabi/6.3.0/../../../../arm-none-eabi/lib/thumb/libg.a(lib_a-jp2uc.o)
 .ARM.attributes
                0x0000000000000ebe       0x30 /home/dan/devkitPro/devkitARM/bin/../lib/gcc/arm-none-eabi/6.3.0/../../../../arm-none-eabi/lib/thumb/libg.a(lib_a-makebuf.o)
 .ARM.attributes
                0x0000000000000eee       0x30 /home/dan/devkitPro/devkitARM/bin/../lib/gcc/arm-none-eabi/6.3.0/../../../../arm-none-eabi/lib/thumb/libg.a(lib_a-malloc.o)
 .ARM.attributes
                0x0000000000000f1e       0x30 /home/dan/devkitPro/devkitARM/bin/../lib/gcc/arm-none-eabi/6.3.0/../../../../arm-none-eabi/lib/thumb/libg.a(lib_a-mallocr.o)
 .ARM.attributes
                0x0000000000000f4e       0x30 /home/dan/devkitPro/devkitARM/bin/../lib/gcc/arm-none-eabi/6.3.0/../../../../arm-none-eabi/lib/thumb/libg.a(lib_a-mbrtowc.o)
 .ARM.attributes
                0x0000000000000f7e       0x30 /home/dan/devkitPro/devkitARM/bin/../lib/gcc/arm-none-eabi/6.3.0/../../../../arm-none-eabi/lib/thumb/libg.a(lib_a-memcpy-stub.o)
 .ARM.attributes
                0x0000000000000fae       0x30 /home/dan/devkitPro/devkitARM/bin/../lib/gcc/arm-none-eabi/6.3.0/../../../../arm-none-eabi/lib/thumb/libg.a(lib_a-mlock.o)
 .ARM.attributes
                0x0000000000000fde       0x30 /home/dan/devkitPro/devkitARM/bin/../lib/gcc/arm-none-eabi/6.3.0/../../../../arm-none-eabi/lib/thumb/libg.a(lib_a-reallocr.o)
 .ARM.attributes
                0x000000000000100e       0x30 /home/dan/devkitPro/devkitARM/bin/../lib/gcc/arm-none-eabi/6.3.0/../../../../arm-none-eabi/lib/thumb/libg.a(lib_a-sccl.o)
 .ARM.attributes
                0x000000000000103e       0x30 /home/dan/devkitPro/devkitARM/bin/../lib/gcc/arm-none-eabi/6.3.0/../../../../arm-none-eabi/lib/thumb/libg.a(lib_a-strtoll.o)
 .ARM.attributes
                0x000000000000106e       0x30 /home/dan/devkitPro/devkitARM/bin/../lib/gcc/arm-none-eabi/6.3.0/../../../../arm-none-eabi/lib/thumb/libg.a(lib_a-strtoull.o)
 .ARM.attributes
                0x000000000000109e       0x30 /home/dan/devkitPro/devkitARM/bin/../lib/gcc/arm-none-eabi/6.3.0/../../../../arm-none-eabi/lib/thumb/libg.a(lib_a-strtoul.o)
 .ARM.attributes
                0x00000000000010ce       0x30 /home/dan/devkitPro/devkitARM/bin/../lib/gcc/arm-none-eabi/6.3.0/../../../../arm-none-eabi/lib/thumb/libg.a(lib_a-environ.o)
 .ARM.attributes
                0x00000000000010fe       0x30 /home/dan/devkitPro/devkitARM/bin/../lib/gcc/arm-none-eabi/6.3.0/../../../../arm-none-eabi/lib/thumb/libg.a(lib_a-envlock.o)
 .ARM.attributes
                0x000000000000112e       0x30 /home/dan/devkitPro/devkitARM/bin/../lib/gcc/arm-none-eabi/6.3.0/../../../../arm-none-eabi/lib/thumb/libg.a(lib_a-fclose.o)
 .ARM.attributes
                0x000000000000115e       0x30 /home/dan/devkitPro/devkitARM/bin/../lib/gcc/arm-none-eabi/6.3.0/../../../../arm-none-eabi/lib/thumb/libsysbase.a(iosupport.o)
 .ARM.attributes
                0x000000000000118e       0x30 /home/dan/devkitPro/devkitARM/bin/../lib/gcc/arm-none-eabi/6.3.0/../../../../arm-none-eabi/lib/thumb/libsysbase.a(close.o)
 .ARM.attributes
                0x00000000000011be       0x30 /home/dan/devkitPro/devkitARM/bin/../lib/gcc/arm-none-eabi/6.3.0/../../../../arm-none-eabi/lib/thumb/libsysbase.a(fstat.o)
 .ARM.attributes
                0x00000000000011ee       0x30 /home/dan/devkitPro/devkitARM/bin/../lib/gcc/arm-none-eabi/6.3.0/../../../../arm-none-eabi/lib/thumb/libsysbase.a(isatty.o)
 .ARM.attributes
                0x000000000000121e       0x30 /home/dan/devkitPro/devkitARM/bin/../lib/gcc/arm-none-eabi/6.3.0/../../../../arm-none-eabi/lib/thumb/libsysbase.a(lseek.o)
 .ARM.attributes
                0x000000000000124e       0x30 /home/dan/devkitPro/devkitARM/bin/../lib/gcc/arm-none-eabi/6.3.0/../../../../arm-none-eabi/lib/thumb/libsysbase.a(read.o)
 .ARM.attributes
                0x000000000000127e       0x30 /home/dan/devkitPro/devkitARM/bin/../lib/gcc/arm-none-eabi/6.3.0/../../../../arm-none-eabi/lib/thumb/libsysbase.a(sbrk.o)
 .ARM.attributes
                0x00000000000012ae       0x30 /home/dan/devkitPro/devkitARM/bin/../lib/gcc/arm-none-eabi/6.3.0/../../../../arm-none-eabi/lib/thumb/libsysbase.a(write.o)
 .ARM.attributes
                0x00000000000012de       0x30 /home/dan/devkitPro/devkitARM/bin/../lib/gcc/arm-none-eabi/6.3.0/../../../../arm-none-eabi/lib/thumb/libsysbase.a(malloc_vars.o)
 .ARM.attributes
                0x000000000000130e       0x30 /home/dan/devkitPro/devkitARM/bin/../lib/gcc/arm-none-eabi/6.3.0/../../../../arm-none-eabi/lib/thumb/libsysbase.a(flock.o)
 .ARM.attributes
                0x000000000000133e       0x30 /home/dan/devkitPro/devkitARM/bin/../lib/gcc/arm-none-eabi/6.3.0/../../../../arm-none-eabi/lib/thumb/libsysbase.a(syscall_support.o)
 .ARM.attributes
                0x000000000000136e       0x30 /home/dan/devkitPro/devkitARM/bin/../lib/gcc/arm-none-eabi/6.3.0/../../../../arm-none-eabi/lib/thumb/libsysbase.a(handle_manager.o)
 .ARM.attributes
                0x000000000000139e       0x30 /home/dan/devkitPro/devkitARM/bin/../lib/gcc/arm-none-eabi/6.3.0/../../../../arm-none-eabi/lib/thumb/libsysbase.a(getreent.o)
 .ARM.attributes
                0x00000000000013ce       0x18 /home/dan/devkitPro/devkitARM/bin/../lib/gcc/arm-none-eabi/6.3.0/thumb/libgcc.a(_udivsi3.o)
 .ARM.attributes
                0x00000000000013e6       0x18 /home/dan/devkitPro/devkitARM/bin/../lib/gcc/arm-none-eabi/6.3.0/thumb/libgcc.a(_aeabi_uldivmod.o)
 .ARM.attributes
                0x00000000000013fe       0x30 /home/dan/devkitPro/devkitARM/bin/../lib/gcc/arm-none-eabi/6.3.0/thumb/libgcc.a(_muldi3.o)
 .ARM.attributes
                0x000000000000142e       0x30 /home/dan/devkitPro/devkitARM/bin/../lib/gcc/arm-none-eabi/6.3.0/thumb/libgcc.a(_udivmoddi4.o)
 .ARM.attributes
                0x000000000000145e       0x18 /home/dan/devkitPro/devkitARM/bin/../lib/gcc/arm-none-eabi/6.3.0/thumb/libgcc.a(_clzdi2.o)
 .ARM.attributes
                0x0000000000001476       0x18 /home/dan/devkitPro/devkitARM/bin/../lib/gcc/arm-none-eabi/6.3.0/thumb/libgcc.a(_clzsi2.o)
 .ARM.attributes
                0x000000000000148e       0x30 /home/dan/devkitPro/devkitARM/bin/../lib/gcc/arm-none-eabi/6.3.0/../../../../arm-none-eabi/lib/thumb/libg.a(lib_a-errno.o)
 .ARM.attributes
                0x00000000000014be       0x30 /home/dan/devkitPro/devkitARM/bin/../lib/gcc/arm-none-eabi/6.3.0/thumb/crtend.o
 .ARM.attributes
                0x00000000000014ee       0x16 /home/dan/devkitPro/devkitARM/bin/../lib/gcc/arm-none-eabi/6.3.0/thumb/crtn.o

/DISCARD/
 *(.note.GNU-stack)
LOAD /home/dan/devkitPro/devkitARM/bin/../lib/gcc/arm-none-eabi/6.3.0/../../../../arm-none-eabi/lib/thumb/gba_crt0.o
LOAD /home/dan/devkitPro/devkitARM/bin/../lib/gcc/arm-none-eabi/6.3.0/thumb/crti.o
LOAD /home/dan/devkitPro/devkitARM/bin/../lib/gcc/arm-none-eabi/6.3.0/thumb/crtbegin.o
LOAD ball.o
LOAD tonc_bg_affine.o
LOAD tonc_color.o
LOAD tonc_sbmp8.o
LOAD tonc_schr4r.o
LOAD tonc_bmp16.o
LOAD tonc_irq.o
LOAD tonc_bg.o
LOAD tonc_obj_affine.o
LOAD tonc_core.o
LOAD tonc_schr4c.o
LOAD tonc_math.o
LOAD tonc_bmp8.o
LOAD tonc_surface.o
LOAD tonc_oam.o
LOAD tonc_sbmp16.o
LOAD tonc_video.o
LOAD tonc_input.o
LOAD tte_init_chr4c.o
LOAD obj_drawg.o
LOAD bmp16_drawg_b1cs.o
LOAD tte_main.o
LOAD chr4r_drawg_b1cts.o
LOAD tte_init_ase.o
LOAD bmp16_drawg.o
LOAD chr4c_drawg_b1cts.o
LOAD tte_init_chr4r.o
LOAD tte_init_se.o
LOAD bmp8_drawg.o
LOAD chr4c_drawg_b4cts.o
LOAD tte_init_obj.o
LOAD ase_drawg.o
LOAD se_drawg.o
LOAD tte_iohook.o
LOAD tte_init_bmp.o
LOAD bmp8_drawg_b1cs.o
LOAD tonc_text_map.o
LOAD tonc_text.o
LOAD tonc_text_bm.o
LOAD tonc_text_oam.o
LOAD tonc_bitmap.o
LOAD tonc_isr_nest.o
LOAD clr_blend_fast.o
LOAD clr_fade_fast.o
LOAD tonc_bios.o
LOAD tonc_memcpy.o
LOAD sin_lut.o
LOAD tonc_bios_ex.o
LOAD div_lut.o
LOAD tonc_nocash.o
LOAD tonc_isr_master.o
LOAD tonc_memset.o
LOAD chr4c_drawg_b4cts_fast.o
LOAD tte_types.o
LOAD chr4r_drawg_b1cts_fast.o
LOAD bmp8_drawg_b1cts_fast.o
LOAD chr4c_drawg_b1cts_fast.o
LOAD toncfont.o
LOAD /home/dan/devkitPro/libgba/lib/libmm.a
LOAD /home/dan/devkitPro/libgba/lib/libgba.a
START GROUP
LOAD /home/dan/devkitPro/devkitARM/bin/../lib/gcc/arm-none-eabi/6.3.0/thumb/libgcc.a
LOAD /home/dan/devkitPro/devkitARM/bin/../lib/gcc/arm-none-eabi/6.3.0/../../../../arm-none-eabi/lib/thumb/libg.a
LOAD /home/dan/devkitPro/devkitARM/bin/../lib/gcc/arm-none-eabi/6.3.0/../../../../arm-none-eabi/lib/thumb/libc.a
LOAD /home/dan/devkitPro/devkitARM/bin/../lib/gcc/arm-none-eabi/6.3.0/../../../../arm-none-eabi/lib/thumb/libsysbase.a
END GROUP
LOAD /home/dan/devkitPro/devkitARM/bin/../lib/gcc/arm-none-eabi/6.3.0/thumb/crtend.o
LOAD /home/dan/devkitPro/devkitARM/bin/../lib/gcc/arm-none-eabi/6.3.0/thumb/crtn.o
OUTPUT(/home/dan/documents/University/teaching/CSCE212/Su17/website/ball-demo/ball-demo.elf elf32-littlearm)

.debug_ranges   0x0000000000000000     0x1318
 .debug_ranges  0x0000000000000000       0xe8 ball.o
 .debug_ranges  0x00000000000000e8       0xb8 tonc_bg_affine.o
 .debug_ranges  0x00000000000001a0      0x208 tonc_color.o
 .debug_ranges  0x00000000000003a8      0x138 tonc_sbmp8.o
 .debug_ranges  0x00000000000004e0      0x208 tonc_schr4r.o
 .debug_ranges  0x00000000000006e8       0xf8 tonc_obj_affine.o
 .debug_ranges  0x00000000000007e0       0x20 tonc_core.o
 .debug_ranges  0x0000000000000800      0x318 tonc_schr4c.o
 .debug_ranges  0x0000000000000b18       0x60 tonc_math.o
 .debug_ranges  0x0000000000000b78       0x70 tonc_bmp8.o
 .debug_ranges  0x0000000000000be8       0x18 tonc_surface.o
 .debug_ranges  0x0000000000000c00       0x48 tonc_sbmp16.o
 .debug_ranges  0x0000000000000c48       0x70 tonc_input.o
 .debug_ranges  0x0000000000000cb8       0x38 obj_drawg.o
 .debug_ranges  0x0000000000000cf0       0x30 bmp16_drawg_b1cs.o
 .debug_ranges  0x0000000000000d20      0x180 tte_main.o
 .debug_ranges  0x0000000000000ea0       0x18 chr4r_drawg_b1cts.o
 .debug_ranges  0x0000000000000eb8       0x30 bmp16_drawg.o
 .debug_ranges  0x0000000000000ee8       0x18 chr4c_drawg_b1cts.o
 .debug_ranges  0x0000000000000f00       0x18 tte_init_se.o
 .debug_ranges  0x0000000000000f18       0x30 bmp8_drawg.o
 .debug_ranges  0x0000000000000f48       0x18 chr4c_drawg_b4cts.o
 .debug_ranges  0x0000000000000f60       0xf0 ase_drawg.o
 .debug_ranges  0x0000000000001050       0x18 se_drawg.o
 .debug_ranges  0x0000000000001068       0x48 tte_iohook.o
 .debug_ranges  0x00000000000010b0       0x30 bmp8_drawg_b1cs.o
 .debug_ranges  0x00000000000010e0       0x28 tonc_text.o
 .debug_ranges  0x0000000000001108      0x148 tonc_text_bm.o
 .debug_ranges  0x0000000000001250       0x20 tonc_text_oam.o
 .debug_ranges  0x0000000000001270       0x48 tonc_bitmap.o
 .debug_ranges  0x00000000000012b8       0x20 tonc_memcpy.o
 .debug_ranges  0x00000000000012d8       0x20 tonc_nocash.o
 .debug_ranges  0x00000000000012f8       0x20 tonc_memset.o
